Last login: Wed Jan  1 00:00:00         
remote:~$ whoami                        
alice                                   
remote:~$                               
                                        
                                        
                                        
                                        
                                        
                                        