  CPU  MEM  PID COMMAND                 
||||||......  CPU                       
||||||||....  MEM                       
  3.2  1.5  101 some-process            
                                        
                                        
                                        
                                        
                                        
                                        