>                                       
  3/3                                   
> alpha                                 
  beta                                  
  gamma                                 
                                        
                                        
                                        
                                        
                                        