tim@host ~ % ls                         
Cargo.toml  README.md  src              
tim@host ~ %                            
                                        
                                        
                                        
                                        
                                        
                                        
                                        